<html>
<head><title>JSP Page Access Profile</title></head>
<body>
The web user principal = webuser


<H3> Calling the ProfileInfoBean </H3>
Looked up home!!
Narrowed home!!
Got the EJB!!
<li>User profile: 
CANNOT ACCESS getCallerInfo()
<li>Secret info: 
CANNOT ACCESS getSecretInfo()

</body>
</html>
