Hello World from 196 HttpServletForm AuthModule Test!
<hr>
Hello, shingwai from com.sun.s1asdev.security.jmac.httpservletform.HttpServletFormTestAuthModule
PC = security-jmac-httpservletform-web/security-jmac-httpservletform-web


<hr>
