<html>
<head><title>JSP Page Access Profile</title></head>
<body>
The web user principal = shingwai


<H3> Calling the ProfileInfoBean </H3>
Looked up home!!
Narrowed home!!
Got the EJB!!
<li>User profile: 
shingwai
<li>Secret info: 
Keep It Secret!

</body>
</html>
