<html>
<head><title>JSP Page Access Profile</title></head>
<body>
The web user principal = swchan


<H3> Calling the ProfileInfoBean </H3>
Looked up home!!
Narrowed home!!
Got the EJB!!
<li>User profile: 
swchan
<li>Secret info: 
CANNOT ACCESS getSecretInfo()

</body>
</html>
