 <HTML><HEAD><TITLE>Servlet Output</TTILE></HEAD><BODY>
 ValResp SecResp HelloEjb ValReq SecReq Sun
 <br>
 ValResp SecResp HelloServlet ValReq SecReq Sun
</BODY></HTML>
