Hello World from 196 HttpServlet AuthModule Test!
<hr>
Hello, shingwai123 from com.sun.s1asdev.security.jmac.httpservlet.HttpServletTestAuthModule
PC = security-jmac-httpservlet-web/security-jmac-httpservlet-web


<hr>
Adjusted count: 218
