Hello World from 196 HttpServletChallenge AuthModule Test!
<hr>
Hello, shingwai from com.sun.s1asdev.security.jmac.httpservletchallenge.HttpServletChallengeTestAuthModule with authType MC


<hr>
