<html>
<head>
<title>Servlet WebTest</title>
</head>
<body>
<h2>Hello from ejb</h2>
</body>
</html>
